// Jest Snapshot v1, https://goo.gl/fbAQLP

exports[`renders correctly 1`] = `
<View
  style={
    {
      "backgroundColor": "#ffffff",
      "flex": 1,
    }
  }
>
  <RCTScrollView
    decelerationRate="fast"
    horizontal={true}
    onScroll={[Function]}
    pagingEnabled={true}
    showsHorizontalScrollIndicator={false}
  >
    <View>
      <View
        style={
          {
            "alignItems": "center",
            "padding": 20,
            "width": 750,
          }
        }
      >
        <SvgComponent
          accessibilityLabel="FirstIntroMock"
          height={889.3333333333334}
          style={
            {
              "marginTop": -30,
            }
          }
          width={750}
        />
        <Text
          style={
            {
              "color": "#3D459B",
              "fontFamily": "Poppins-SemiBold",
              "fontSize": 22,
              "textAlign": "center",
            }
          }
        >
          Schedule Vehicle Pick Up
        </Text>
        <Text
          style={
            {
              "color": "#3D459B",
              "fontFamily": "Poppins-Regular",
              "fontSize": 13,
              "textAlign": "center",
            }
          }
        >
          I would like to dispose of my car and need information on the process. Please provide details on the available options.
        </Text>
      </View>
      <View
        style={
          {
            "alignItems": "center",
            "padding": 20,
            "width": 750,
          }
        }
      >
        <Image
          resizeMode="contain"
          source={
            {
              "testUri": "../../../src/assets/images/intro2.png",
            }
          }
          style={
            {
              "height": "66%",
              "width": "100%",
            }
          }
        />
        <Text
          style={
            {
              "color": "#3D459B",
              "fontFamily": "Poppins-SemiBold",
              "fontSize": 22,
              "textAlign": "center",
            }
          }
        >
          Vehicle Details
        </Text>
        <Text
          style={
            {
              "color": "#3D459B",
              "fontFamily": "Poppins-Regular",
              "fontSize": 13,
              "textAlign": "center",
            }
          }
        >
          Please share the key details of your vehicle. We need the Vehicle Identification Number (VIN), Year, Make, and Model to ensure everything is processed correctly and responsibly.
        </Text>
      </View>
      <View
        style={
          {
            "alignItems": "center",
            "padding": 20,
            "width": 750,
          }
        }
      >
        <Image
          resizeMode="contain"
          source={
            {
              "testUri": "../../../src/assets/images/intro3.png",
            }
          }
          style={
            {
              "height": "66%",
              "width": "100%",
            }
          }
        />
        <Text
          style={
            {
              "color": "#3D459B",
              "fontFamily": "Poppins-SemiBold",
              "fontSize": 22,
              "textAlign": "center",
            }
          }
        >
          Your Car will be Picked up in 
 the Schedule Time
        </Text>
        <Text
          style={
            {
              "color": "#3D459B",
              "fontFamily": "Poppins-Regular",
              "fontSize": 13,
              "textAlign": "center",
            }
          }
        >
          Your car will be picked up at the scheduled time.
 Please ensure it's ready for Pick Up.
        </Text>
      </View>
      <View
        style={
          {
            "alignItems": "center",
            "padding": 20,
            "width": 750,
          }
        }
      >
        <SvgComponent
          accessibilityLabel="FourthIntroMock"
          height={889.3333333333334}
          style={
            {
              "marginTop": -30,
            }
          }
          width={750}
        />
        <Text
          style={
            {
              "color": "#3D459B",
              "fontFamily": "Poppins-SemiBold",
              "fontSize": 22,
              "textAlign": "center",
            }
          }
        >
          Vehicle Has Been Picked Up
        </Text>
        <Text
          style={
            {
              "color": "#3D459B",
              "fontFamily": "Poppins-Regular",
              "fontSize": 13,
              "textAlign": "center",
            }
          }
        >
          Your car has been successfully Picked Up and Transported to a Secured Facility
        </Text>
      </View>
    </View>
  </RCTScrollView>
  <View
    pointerEvents="none"
    style={
      {
        "alignSelf": "center",
        "bottom": 50,
        "flexDirection": "row",
        "marginTop": 20,
        "position": "absolute",
      }
    }
  >
    <View
      style={
        {
          "backgroundColor": "#6C7E8E",
          "borderRadius": 5,
          "height": 10,
          "marginHorizontal": 5,
          "width": 10,
        }
      }
    />
    <View
      style={
        {
          "backgroundColor": "#6C7E8E",
          "borderRadius": 5,
          "height": 10,
          "marginHorizontal": 5,
          "width": 10,
        }
      }
    />
    <View
      style={
        {
          "backgroundColor": "#6C7E8E",
          "borderRadius": 5,
          "height": 10,
          "marginHorizontal": 5,
          "width": 10,
        }
      }
    />
    <View
      style={
        {
          "backgroundColor": "#6C7E8E",
          "borderRadius": 5,
          "height": 10,
          "marginHorizontal": 5,
          "width": 10,
        }
      }
    />
    <View
      collapsable={false}
      style={
        {
          "backgroundColor": "#333C99",
          "borderRadius": 5,
          "height": 10,
          "marginHorizontal": 5,
          "position": "absolute",
          "transform": [
            {
              "translateX": 0,
            },
          ],
          "width": 10,
        }
      }
    />
  </View>
  <View
    style={
      [
        {
          "alignItems": "center",
          "bottom": 30,
          "flexDirection": "row",
          "justifyContent": "space-between",
          "paddingHorizontal": 20,
          "position": "absolute",
          "width": "100%",
        },
        {
          "justifyContent": "space-between",
        },
      ]
    }
  >
    <View
      accessibilityState={
        {
          "busy": undefined,
          "checked": undefined,
          "disabled": undefined,
          "expanded": undefined,
          "selected": undefined,
        }
      }
      accessibilityValue={
        {
          "max": undefined,
          "min": undefined,
          "now": undefined,
          "text": undefined,
        }
      }
      accessible={true}
      collapsable={false}
      focusable={true}
      onClick={[Function]}
      onResponderGrant={[Function]}
      onResponderMove={[Function]}
      onResponderRelease={[Function]}
      onResponderTerminate={[Function]}
      onResponderTerminationRequest={[Function]}
      onStartShouldSetResponder={[Function]}
      style={
        {
          "opacity": 1,
        }
      }
    >
      <Text
        style={
          {
            "color": "#3D459B",
            "fontFamily": "Poppins-Regular",
            "fontSize": 16,
          }
        }
      >
        Skip
      </Text>
    </View>
    <View
      accessibilityState={
        {
          "busy": undefined,
          "checked": undefined,
          "disabled": undefined,
          "expanded": undefined,
          "selected": undefined,
        }
      }
      accessibilityValue={
        {
          "max": undefined,
          "min": undefined,
          "now": undefined,
          "text": undefined,
        }
      }
      accessible={true}
      collapsable={false}
      focusable={true}
      onClick={[Function]}
      onResponderGrant={[Function]}
      onResponderMove={[Function]}
      onResponderRelease={[Function]}
      onResponderTerminate={[Function]}
      onResponderTerminationRequest={[Function]}
      onStartShouldSetResponder={[Function]}
      style={
        {
          "alignItems": "center",
          "backgroundColor": "#333C99",
          "borderRadius": 25,
          "height": 50,
          "justifyContent": "center",
          "opacity": 1,
          "width": 50,
        }
      }
      testID="next"
    >
      <SvgComponent
        accessibilityLabel="right"
      />
    </View>
  </View>
</View>
`;
